\unset ECHO
1..468
ok 1 - tablespaces_are(tablespaces, desc) should pass
ok 2 - tablespaces_are(tablespaces, desc) should have the proper description
ok 3 - tablespaces_are(tablespaces, desc) should have the proper diagnostics
ok 4 - tablespaces_are(tablespaces) should pass
ok 5 - tablespaces_are(tablespaces) should have the proper description
ok 6 - tablespaces_are(tablespaces) should have the proper diagnostics
ok 7 - tablespaces_are(tablespaces, desc) missing should fail
ok 8 - tablespaces_are(tablespaces, desc) missing should have the proper description
ok 9 - tablespaces_are(tablespaces, desc) missing should have the proper diagnostics
ok 10 - tablespaces_are(tablespaces, desc) extra should fail
ok 11 - tablespaces_are(tablespaces, desc) extra should have the proper description
ok 12 - tablespaces_are(tablespaces, desc) extra should have the proper diagnostics
ok 13 - tablespaces_are(tablespaces, desc) extras and missing should fail
ok 14 - tablespaces_are(tablespaces, desc) extras and missing should have the proper description
ok 15 - tablespaces_are(tablespaces, desc) extras and missing should have the proper diagnostics
ok 16 - schemas_are(schemas, desc) should pass
ok 17 - schemas_are(schemas, desc) should have the proper description
ok 18 - schemas_are(schemas, desc) should have the proper diagnostics
ok 19 - schemas_are(schemas) should pass
ok 20 - schemas_are(schemas) should have the proper description
ok 21 - schemas_are(schemas) should have the proper diagnostics
ok 22 - schemas_are(schemas, desc) missing should fail
ok 23 - schemas_are(schemas, desc) missing should have the proper description
ok 24 - schemas_are(schemas, desc) missing should have the proper diagnostics
ok 25 - schemas_are(schemas, desc) extras should fail
ok 26 - schemas_are(schemas, desc) extras should have the proper description
ok 27 - schemas_are(schemas, desc) extras should have the proper diagnostics
ok 28 - schemas_are(schemas, desc) missing and extras should fail
ok 29 - schemas_are(schemas, desc) missing and extras should have the proper description
ok 30 - schemas_are(schemas, desc) missing and extras should have the proper diagnostics
ok 31 - tables_are(schema, tables, desc) should pass
ok 32 - tables_are(schema, tables, desc) should have the proper description
ok 33 - tables_are(schema, tables, desc) should have the proper diagnostics
ok 34 - tables_are(schema, tables) should pass
ok 35 - tables_are(schema, tables) should have the proper description
ok 36 - tables_are(schema, tables) should have the proper diagnostics
ok 37 - tables_are(tables) should pass
ok 38 - tables_are(tables) should have the proper description
ok 39 - tables_are(tables) should have the proper diagnostics
ok 40 - tables_are(tables, desc) should pass
ok 41 - tables_are(tables, desc) should have the proper description
ok 42 - tables_are(tables, desc) should have the proper diagnostics
ok 43 - tables_are(schema, tables) missing should fail
ok 44 - tables_are(schema, tables) missing should have the proper description
ok 45 - tables_are(schema, tables) missing should have the proper diagnostics
ok 46 - tables_are(tables) missing should fail
ok 47 - tables_are(tables) missing should have the proper description
ok 48 - tables_are(tables) missing should have the proper diagnostics
ok 49 - tables_are(schema, tables) extra should fail
ok 50 - tables_are(schema, tables) extra should have the proper description
ok 51 - tables_are(schema, tables) extra should have the proper diagnostics
ok 52 - tables_are(tables) extra should fail
ok 53 - tables_are(tables) extra should have the proper description
ok 54 - tables_are(tables) extra should have the proper diagnostics
ok 55 - tables_are(schema, tables) extra and missing should fail
ok 56 - tables_are(schema, tables) extra and missing should have the proper description
ok 57 - tables_are(schema, tables) extra and missing should have the proper diagnostics
ok 58 - tables_are(tables) extra and missing should fail
ok 59 - tables_are(tables) extra and missing should have the proper description
ok 60 - tables_are(tables) extra and missing should have the proper diagnostics
ok 61 - tables_are_namespaced(schema, prefixes[]) should fail
ok 62 - tables_are_namespaced(schema, prefixes[]) should have the proper description
ok 63 - tables_are_namespaced(schema, prefixes[]) should have the proper diagnostics
ok 64 - tables_are_namespaced(schema, prefixes[]) should pass
ok 65 - tables_are_namespaced(schema, prefixes[]) should have the proper description
ok 66 - tables_are_namespaced(schema, prefixes[]) should have the proper diagnostics
ok 67 - tables_are_namespaced(schema, prefixes[]) should fail
ok 68 - tables_are_namespaced(schema, prefixes[]) should have the proper description
ok 69 - tables_are_namespaced(schema, prefixes[]) should have the proper diagnostics
ok 70 - views_are(schema, views, desc) should pass
ok 71 - views_are(schema, views, desc) should have the proper description
ok 72 - views_are(schema, views, desc) should have the proper diagnostics
ok 73 - views_are(schema, views) should pass
ok 74 - views_are(schema, views) should have the proper description
ok 75 - views_are(schema, views) should have the proper diagnostics
ok 76 - views_are(views) should pass
ok 77 - views_are(views) should have the proper description
ok 78 - views_are(views) should have the proper diagnostics
ok 79 - views_are(views, desc) should pass
ok 80 - views_are(views, desc) should have the proper description
ok 81 - views_are(views, desc) should have the proper diagnostics
ok 82 - views_are(schema, views) missing should fail
ok 83 - views_are(schema, views) missing should have the proper description
ok 84 - views_are(schema, views) missing should have the proper diagnostics
ok 85 - views_are(views) missing should fail
ok 86 - views_are(views) missing should have the proper description
ok 87 - views_are(views) missing should have the proper diagnostics
ok 88 - views_are(schema, views) extra should fail
ok 89 - views_are(schema, views) extra should have the proper description
ok 90 - views_are(schema, views) extra should have the proper diagnostics
ok 91 - views_are(views) extra should fail
ok 92 - views_are(views) extra should have the proper description
ok 93 - views_are(views) extra should have the proper diagnostics
ok 94 - views_are(schema, views) extra and missing should fail
ok 95 - views_are(schema, views) extra and missing should have the proper description
ok 96 - views_are(schema, views) extra and missing should have the proper diagnostics
ok 97 - views_are(views) extra and missing should fail
ok 98 - views_are(views) extra and missing should have the proper description
ok 99 - views_are(views) extra and missing should have the proper diagnostics
ok 100 - sequences_are(schema, sequences, desc) should pass
ok 101 - sequences_are(schema, sequences, desc) should have the proper description
ok 102 - sequences_are(schema, sequences, desc) should have the proper diagnostics
ok 103 - sequences_are(schema, sequences) should pass
ok 104 - sequences_are(schema, sequences) should have the proper description
ok 105 - sequences_are(schema, sequences) should have the proper diagnostics
ok 106 - sequences_are(sequences) should pass
ok 107 - sequences_are(sequences) should have the proper description
ok 108 - sequences_are(sequences) should have the proper diagnostics
ok 109 - sequences_are(sequences, desc) should pass
ok 110 - sequences_are(sequences, desc) should have the proper description
ok 111 - sequences_are(sequences, desc) should have the proper diagnostics
ok 112 - sequences_are(schema, sequences) missing should fail
ok 113 - sequences_are(schema, sequences) missing should have the proper description
ok 114 - sequences_are(schema, sequences) missing should have the proper diagnostics
ok 115 - sequences_are(sequences) missing should fail
ok 116 - sequences_are(sequences) missing should have the proper description
ok 117 - sequences_are(sequences) missing should have the proper diagnostics
ok 118 - sequences_are(schema, sequences) extra should fail
ok 119 - sequences_are(schema, sequences) extra should have the proper description
ok 120 - sequences_are(schema, sequences) extra should have the proper diagnostics
ok 121 - sequences_are(sequences) extra should fail
ok 122 - sequences_are(sequences) extra should have the proper description
ok 123 - sequences_are(sequences) extra should have the proper diagnostics
ok 124 - sequences_are(schema, sequences) extra and missing should fail
ok 125 - sequences_are(schema, sequences) extra and missing should have the proper description
ok 126 - sequences_are(schema, sequences) extra and missing should have the proper diagnostics
ok 127 - sequences_are(sequences) extra and missing should fail
ok 128 - sequences_are(sequences) extra and missing should have the proper description
ok 129 - sequences_are(sequences) extra and missing should have the proper diagnostics
ok 130 - functions_are(schema, functions, desc) should pass
ok 131 - functions_are(schema, functions, desc) should have the proper description
ok 132 - functions_are(schema, functions, desc) should have the proper diagnostics
ok 133 - functions_are(schema, functions) should pass
ok 134 - functions_are(schema, functions) should have the proper description
ok 135 - functions_are(schema, functions, desc) + missing should fail
ok 136 - functions_are(schema, functions, desc) + missing should have the proper description
ok 137 - functions_are(schema, functions, desc) + missing should have the proper diagnostics
ok 138 - functions_are(schema, functions, desc) + extra should fail
ok 139 - functions_are(schema, functions, desc) + extra should have the proper description
ok 140 - functions_are(schema, functions, desc) + extra should have the proper diagnostics
ok 141 - functions_are(schema, functions, desc) + extra & missing should fail
ok 142 - functions_are(schema, functions, desc) + extra & missing should have the proper description
ok 143 - functions_are(schema, functions, desc) + extra & missing should have the proper diagnostics
ok 144 - functions_are(functions, desc) should pass
ok 145 - functions_are(functions, desc) should have the proper description
ok 146 - functions_are(functions, desc) should have the proper diagnostics
ok 147 - functions_are(functions) should pass
ok 148 - functions_are(functions) should have the proper description
ok 149 - functions_are(functions) should have the proper diagnostics
ok 150 - functions_are(functions, desc) + missing should fail
ok 151 - functions_are(functions, desc) + missing should have the proper description
ok 152 - functions_are(functions, desc) + missing should have the proper diagnostics
ok 153 - functions_are(functions, desc) + extra should fail
ok 154 - functions_are(functions, desc) + extra should have the proper description
ok 155 - functions_are(functions, desc) + extra should have the proper diagnostics
ok 156 - functions_are(functions, desc) + extra & missing should fail
ok 157 - functions_are(functions, desc) + extra & missing should have the proper description
ok 158 - functions_are(functions, desc) + extra & missing should have the proper diagnostics
ok 159 - indexes_are(schema, table, indexes, desc) should pass
ok 160 - indexes_are(schema, table, indexes, desc) should have the proper description
ok 161 - indexes_are(schema, table, indexes, desc) should have the proper diagnostics
ok 162 - indexes_are(schema, table, indexes) should pass
ok 163 - indexes_are(schema, table, indexes) should have the proper description
ok 164 - indexes_are(schema, table, indexes) should have the proper diagnostics
ok 165 - indexes_are(schema, table, indexes) + extra should fail
ok 166 - indexes_are(schema, table, indexes) + extra should have the proper description
ok 167 - indexes_are(schema, table, indexes) + extra should have the proper diagnostics
ok 168 - indexes_are(schema, table, indexes) + missing should fail
ok 169 - indexes_are(schema, table, indexes) + missing should have the proper description
ok 170 - indexes_are(schema, table, indexes) + missing should have the proper diagnostics
ok 171 - indexes_are(schema, table, indexes) + extra & missing should fail
ok 172 - indexes_are(schema, table, indexes) + extra & missing should have the proper description
ok 173 - indexes_are(schema, table, indexes) + extra & missing should have the proper diagnostics
ok 174 - indexes_are(table, indexes, desc) should pass
ok 175 - indexes_are(table, indexes, desc) should have the proper description
ok 176 - indexes_are(table, indexes, desc) should have the proper diagnostics
ok 177 - indexes_are(table, indexes) should pass
ok 178 - indexes_are(table, indexes) should have the proper description
ok 179 - indexes_are(table, indexes) should have the proper diagnostics
ok 180 - indexes_are(table, indexes) + extra should fail
ok 181 - indexes_are(table, indexes) + extra should have the proper description
ok 182 - indexes_are(table, indexes) + extra should have the proper diagnostics
ok 183 - indexes_are(table, indexes) + missing should fail
ok 184 - indexes_are(table, indexes) + missing should have the proper description
ok 185 - indexes_are(table, indexes) + missing should have the proper diagnostics
ok 186 - indexes_are(table, indexes) + extra & missing should fail
ok 187 - indexes_are(table, indexes) + extra & missing should have the proper description
ok 188 - indexes_are(table, indexes) + extra & missing should have the proper diagnostics
ok 189 - users_are(users, desc) should pass
ok 190 - users_are(users, desc) should have the proper description
ok 191 - users_are(users, desc) should have the proper diagnostics
ok 192 - users_are(users) should pass
ok 193 - users_are(users) should have the proper description
ok 194 - users_are(users) should have the proper diagnostics
ok 195 - users_are(users, desc) missing should fail
ok 196 - users_are(users, desc) missing should have the proper description
ok 197 - users_are(users, desc) missing should have the proper diagnostics
ok 198 - users_are(users, desc) extras should fail
ok 199 - users_are(users, desc) extras should have the proper description
ok 200 - users_are(users, desc) extras should have the proper diagnostics
ok 201 - users_are(users, desc) missing and extras should fail
ok 202 - users_are(users, desc) missing and extras should have the proper description
ok 203 - users_are(users, desc) missing and extras should have the proper diagnostics
ok 204 - groups_are(groups, desc) should pass
ok 205 - groups_are(groups, desc) should have the proper description
ok 206 - groups_are(groups, desc) should have the proper diagnostics
ok 207 - groups_are(groups) should pass
ok 208 - groups_are(groups) should have the proper description
ok 209 - groups_are(groups) should have the proper diagnostics
ok 210 - groups_are(groups, desc) missing should fail
ok 211 - groups_are(groups, desc) missing should have the proper description
ok 212 - groups_are(groups, desc) missing should have the proper diagnostics
ok 213 - groups_are(groups, desc) extras should fail
ok 214 - groups_are(groups, desc) extras should have the proper description
ok 215 - groups_are(groups, desc) extras should have the proper diagnostics
ok 216 - groups_are(groups, desc) missing and extras should fail
ok 217 - groups_are(groups, desc) missing and extras should have the proper description
ok 218 - groups_are(groups, desc) missing and extras should have the proper diagnostics
ok 219 - languages_are(languages, desc) should pass
ok 220 - languages_are(languages, desc) should have the proper description
ok 221 - languages_are(languages, desc) should have the proper diagnostics
ok 222 - languages_are(languages) should pass
ok 223 - languages_are(languages) should have the proper description
ok 224 - languages_are(languages) should have the proper diagnostics
ok 225 - languages_are(languages, desc) missing should fail
ok 226 - languages_are(languages, desc) missing should have the proper description
ok 227 - languages_are(languages, desc) missing should have the proper diagnostics
ok 228 - languages_are(languages, desc) extras should fail
ok 229 - languages_are(languages, desc) extras should have the proper description
ok 230 - languages_are(languages, desc) extras should have the proper diagnostics
ok 231 - languages_are(languages, desc) missing and extras should fail
ok 232 - languages_are(languages, desc) missing and extras should have the proper description
ok 233 - languages_are(languages, desc) missing and extras should have the proper diagnostics
ok 234 - opclasses_are(schema, opclasses, desc) should pass
ok 235 - opclasses_are(schema, opclasses, desc) should have the proper description
ok 236 - opclasses_are(schema, opclasses, desc) should have the proper diagnostics
ok 237 - opclasses_are(schema, opclasses) should pass
ok 238 - opclasses_are(schema, opclasses) should have the proper description
ok 239 - opclasses_are(schema, opclasses, desc) + missing should fail
ok 240 - opclasses_are(schema, opclasses, desc) + missing should have the proper description
ok 241 - opclasses_are(schema, opclasses, desc) + missing should have the proper diagnostics
ok 242 - opclasses_are(schema, opclasses, desc) + extra should fail
ok 243 - opclasses_are(schema, opclasses, desc) + extra should have the proper description
ok 244 - opclasses_are(schema, opclasses, desc) + extra should have the proper diagnostics
ok 245 - opclasses_are(schema, opclasses, desc) + extra & missing should fail
ok 246 - opclasses_are(schema, opclasses, desc) + extra & missing should have the proper description
ok 247 - opclasses_are(schema, opclasses, desc) + extra & missing should have the proper diagnostics
ok 248 - opclasses_are(opclasses) should pass
ok 249 - opclasses_are(opclasses) should have the proper description
ok 250 - opclasses_are(opclasses) should have the proper diagnostics
ok 251 - opclasses_are(opclasses, desc) + missing should fail
ok 252 - opclasses_are(opclasses, desc) + missing should have the proper description
ok 253 - opclasses_are(opclasses, desc) + missing should have the proper diagnostics
ok 254 - opclasses_are(opclasses, desc) + extra should fail
ok 255 - opclasses_are(opclasses, desc) + extra should have the proper description
ok 256 - opclasses_are(opclasses, desc) + extra should have the proper diagnostics
ok 257 - opclasses_are(opclasses, desc) + extra & missing should fail
ok 258 - opclasses_are(opclasses, desc) + extra & missing should have the proper description
ok 259 - opclasses_are(opclasses, desc) + extra & missing should have the proper diagnostics
ok 260 - rules_are(schema, table, rules, desc) should pass
ok 261 - rules_are(schema, table, rules, desc) should have the proper description
ok 262 - rules_are(schema, table, rules, desc) should have the proper diagnostics
ok 263 - rules_are(schema, table, rules) should pass
ok 264 - rules_are(schema, table, rules) should have the proper description
ok 265 - rules_are(schema, table, rules) should have the proper diagnostics
ok 266 - rules_are(schema, table, rules) + extra should fail
ok 267 - rules_are(schema, table, rules) + extra should have the proper description
ok 268 - rules_are(schema, table, rules) + extra should have the proper diagnostics
ok 269 - rules_are(schema, table, rules) + missing should fail
ok 270 - rules_are(schema, table, rules) + missing should have the proper description
ok 271 - rules_are(schema, table, rules) + missing should have the proper diagnostics
ok 272 - rules_are(schema, table, rules) + extra & missing should fail
ok 273 - rules_are(schema, table, rules) + extra & missing should have the proper description
ok 274 - rules_are(schema, table, rules) + extra & missing should have the proper diagnostics
ok 275 - rules_are(table, rules, desc) should pass
ok 276 - rules_are(table, rules, desc) should have the proper description
ok 277 - rules_are(table, rules, desc) should have the proper diagnostics
ok 278 - rules_are(table, rules) should pass
ok 279 - rules_are(table, rules) should have the proper description
ok 280 - rules_are(table, rules) should have the proper diagnostics
ok 281 - rules_are(table, rules) + extra should fail
ok 282 - rules_are(table, rules) + extra should have the proper description
ok 283 - rules_are(table, rules) + extra should have the proper diagnostics
ok 284 - rules_are(table, rules) + missing should fail
ok 285 - rules_are(table, rules) + missing should have the proper description
ok 286 - rules_are(table, rules) + missing should have the proper diagnostics
ok 287 - rules_are(table, rules) + extra & missing should fail
ok 288 - rules_are(table, rules) + extra & missing should have the proper description
ok 289 - rules_are(table, rules) + extra & missing should have the proper diagnostics
ok 290 - types_are(schema, types, desc) should pass
ok 291 - types_are(schema, types, desc) should have the proper description
ok 292 - types_are(schema, types, desc) should have the proper diagnostics
ok 293 - types_are(schema, types) should pass
ok 294 - types_are(schema, types) should have the proper description
ok 295 - types_are(schema, types, desc) + missing should fail
ok 296 - types_are(schema, types, desc) + missing should have the proper description
ok 297 - types_are(schema, types, desc) + missing should have the proper diagnostics
ok 298 - types_are(schema, types, desc) + extra should fail
ok 299 - types_are(schema, types, desc) + extra should have the proper description
ok 300 - types_are(schema, types, desc) + extra should have the proper diagnostics
ok 301 - types_are(schema, types, desc) + extra & missing should fail
ok 302 - types_are(schema, types, desc) + extra & missing should have the proper description
ok 303 - types_are(schema, types, desc) + extra & missing should have the proper diagnostics
ok 304 - types_are(types) should pass
ok 305 - types_are(types) should have the proper description
ok 306 - types_are(types) should have the proper diagnostics
ok 307 - types_are(types, desc) + missing should fail
ok 308 - types_are(types, desc) + missing should have the proper description
ok 309 - types_are(types, desc) + missing should have the proper diagnostics
ok 310 - types_are(types, desc) + extra should fail
ok 311 - types_are(types, desc) + extra should have the proper description
ok 312 - types_are(types, desc) + extra should have the proper diagnostics
ok 313 - types_are(types, desc) + extra & missing should fail
ok 314 - types_are(types, desc) + extra & missing should have the proper description
ok 315 - types_are(types, desc) + extra & missing should have the proper diagnostics
ok 316 - domains_are(schema, domains, desc) should pass
ok 317 - domains_are(schema, domains, desc) should have the proper description
ok 318 - domains_are(schema, domains, desc) should have the proper diagnostics
ok 319 - domains_are(schema, domains) should pass
ok 320 - domains_are(schema, domains) should have the proper description
ok 321 - domains_are(schema, domains) should have the proper diagnostics
ok 322 - domains_are(schema, domains, desc) fail should fail
ok 323 - domains_are(schema, domains, desc) fail should have the proper description
ok 324 - domains_are(schema, domains, desc) fail should have the proper diagnostics
ok 325 - domains_are(schema, domains) fail should fail
ok 326 - domains_are(schema, domains) fail should have the proper description
ok 327 - domains_are(schema, domains) fail should have the proper diagnostics
ok 328 - domains_are(domains, desc) should pass
ok 329 - domains_are(domains, desc) should have the proper description
ok 330 - domains_are(domains, desc) should have the proper diagnostics
ok 331 - domains_are(domains) should pass
ok 332 - domains_are(domains) should have the proper description
ok 333 - domains_are(domains) should have the proper diagnostics
ok 334 - domains_are(domains, desc) fail should fail
ok 335 - domains_are(domains, desc) fail should have the proper description
ok 336 - domains_are(domains, desc) fail should have the proper diagnostics
ok 337 - domains_are(domains) fail should fail
ok 338 - domains_are(domains) fail should have the proper description
ok 339 - domains_are(domains) fail should have the proper diagnostics
ok 340 - casts_are(casts, desc) should pass
ok 341 - casts_are(casts, desc) should have the proper description
ok 342 - casts_are(casts, desc) should have the proper diagnostics
ok 343 - casts_are(casts) should pass
ok 344 - casts_are(casts) should have the proper description
ok 345 - casts_are(casts) should have the proper diagnostics
ok 346 - casts_are(casts, desc) missing should fail
ok 347 - casts_are(casts, desc) missing should have the proper description
ok 348 - casts_are(casts, desc) missing should have the proper diagnostics
ok 349 - casts_are(casts, desc) extra should fail
ok 350 - casts_are(casts, desc) extra should have the proper description
ok 351 - casts_are(casts, desc) extra should have the proper diagnostics
ok 352 - casts_are(casts, desc) extras and missing should fail
ok 353 - casts_are(casts, desc) extras and missing should have the proper description
ok 354 - casts_are(casts, desc) extras and missing should have the proper diagnostics
ok 355 - operators_are(schema, operators, desc) should pass
ok 356 - operators_are(schema, operators, desc) should have the proper description
ok 357 - operators_are(schema, operators, desc) should have the proper diagnostics
ok 358 - operators_are(schema, operators) should pass
ok 359 - operators_are(schema, operators) should have the proper description
ok 360 - operators_are(schema, operators) should have the proper diagnostics
ok 361 - operators_are(schema, operators, desc) fail should fail
ok 362 - operators_are(schema, operators, desc) fail should have the proper description
ok 363 - operators_are(schema, operators, desc) fail should have the proper diagnostics
ok 364 - operators_are(schema, operators) fail should fail
ok 365 - operators_are(schema, operators) fail should have the proper description
ok 366 - operators_are(schema, operators) fail should have the proper diagnostics
ok 367 - operators_are(operators, desc) should pass
ok 368 - operators_are(operators, desc) should have the proper description
ok 369 - operators_are(operators, desc) should have the proper diagnostics
ok 370 - operators_are(operators) should pass
ok 371 - operators_are(operators) should have the proper description
ok 372 - operators_are(operators) should have the proper diagnostics
ok 373 - operators_are(operators, desc) fail should fail
ok 374 - operators_are(operators, desc) fail should have the proper description
ok 375 - operators_are(operators, desc) fail should have the proper diagnostics
ok 376 - operators_are(operators) fail should fail
ok 377 - operators_are(operators) fail should have the proper description
ok 378 - operators_are(operators) fail should have the proper diagnostics
ok 379 - columns_are(schema, table, columns, desc) should pass
ok 380 - columns_are(schema, table, columns, desc) should have the proper description
ok 381 - columns_are(schema, table, columns, desc) should have the proper diagnostics
ok 382 - columns_are(schema, table, columns) should pass
ok 383 - columns_are(schema, table, columns) should have the proper description
ok 384 - columns_are(schema, table, columns) should have the proper diagnostics
ok 385 - columns_are(schema, table, columns) + extra should fail
ok 386 - columns_are(schema, table, columns) + extra should have the proper description
ok 387 - columns_are(schema, table, columns) + extra should have the proper diagnostics
ok 388 - columns_are(schema, table, columns) + missing should fail
ok 389 - columns_are(schema, table, columns) + missing should have the proper description
ok 390 - columns_are(schema, table, columns) + missing should have the proper diagnostics
ok 391 - columns_are(schema, table, columns) + extra & missing should fail
ok 392 - columns_are(schema, table, columns) + extra & missing should have the proper description
ok 393 - columns_are(schema, table, columns) + extra & missing should have the proper diagnostics
ok 394 - columns_are(table, columns, desc) should pass
ok 395 - columns_are(table, columns, desc) should have the proper description
ok 396 - columns_are(table, columns, desc) should have the proper diagnostics
ok 397 - columns_are(table, columns) should pass
ok 398 - columns_are(table, columns) should have the proper description
ok 399 - columns_are(table, columns) should have the proper diagnostics
ok 400 - columns_are(table, columns) + extra should fail
ok 401 - columns_are(table, columns) + extra should have the proper description
ok 402 - columns_are(table, columns) + extra should have the proper diagnostics
ok 403 - columns_are(table, columns) + missing should fail
ok 404 - columns_are(table, columns) + missing should have the proper description
ok 405 - columns_are(table, columns) + missing should have the proper diagnostics
ok 406 - columns_are(table, columns) + extra & missing should fail
ok 407 - columns_are(table, columns) + extra & missing should have the proper description
ok 408 - columns_are(table, columns) + extra & missing should have the proper diagnostics
ok 409 - materialized_views_are(schema, materialized_views, desc) should pass
ok 410 - materialized_views_are(schema, materialized_views, desc) should have the proper description
ok 411 - materialized_views_are(schema, materialized_views, desc) should have the proper diagnostics
ok 412 - materialized_views_are(schema, materialized_views) should pass
ok 413 - materialized_views_are(schema, materialized_views) should have the proper description
ok 414 - materialized_views_are(schema, materialized_views) should have the proper diagnostics
ok 415 - materialized_views_are(views) should pass
ok 416 - materialized_views_are(views) should have the proper description
ok 417 - materialized_views_are(views) should have the proper diagnostics
ok 418 - materialized_views_are(views, desc) should pass
ok 419 - materialized_views_are(views, desc) should have the proper description
ok 420 - materialized_views_are(views, desc) should have the proper diagnostics
ok 421 - materialized_views_are(schema, materialized_views) missing should fail
ok 422 - materialized_views_are(schema, materialized_views) missing should have the proper description
ok 423 - materialized_views_are(schema, materialized_views) missing should have the proper diagnostics
ok 424 - materialized_views_are(materialized_views) missing should fail
ok 425 - materialized_views_are(materialized_views) missing should have the proper description
ok 426 - materialized_views_are(materialized_views) missing should have the proper diagnostics
ok 427 - materialized_views_are(schema, materialized_views) extra should fail
ok 428 - materialized_views_are(schema, materialized_views) extra should have the proper description
ok 429 - materialized_views_are(schema, materialized_views) extra should have the proper diagnostics
ok 430 - materialized_views_are(materialized_views) extra should fail
ok 431 - materialized_views_are(materialized_views) extra should have the proper description
ok 432 - materialized_views_are(materialized_views) extra should have the proper diagnostics
ok 433 - materialized_views_are(schema, materialized_views) extra and missing should fail
ok 434 - materialized_views_are(schema, materialized_views) extra and missing should have the proper description
ok 435 - materialized_views_are(schema, materialized_views) extra and missing should have the proper diagnostics
ok 436 - materialized_views_are(materialized_views) extra and missing should fail
ok 437 - materialized_views_are(materialized_views) extra and missing should have the proper description
ok 438 - materialized_views_are(materialized_views) extra and missing should have the proper diagnostics
ok 439 - foreign_tables_are(schema, tables, desc) should pass
ok 440 - foreign_tables_are(schema, tables, desc) should have the proper description
ok 441 - foreign_tables_are(schema, tables, desc) should have the proper diagnostics
ok 442 - foreign_tables_are(tables, desc) should pass
ok 443 - foreign_tables_are(tables, desc) should have the proper description
ok 444 - foreign_tables_are(tables, desc) should have the proper diagnostics
ok 445 - foreign_tables_are(schema, tables) should pass
ok 446 - foreign_tables_are(schema, tables) should have the proper description
ok 447 - foreign_tables_are(schema, tables) should have the proper diagnostics
ok 448 - foreign_tables_are(tables) should pass
ok 449 - foreign_tables_are(tables) should have the proper description
ok 450 - foreign_tables_are(tables) should have the proper diagnostics
ok 451 - foreign_tables_are(schema, tables) missing should fail
ok 452 - foreign_tables_are(schema, tables) missing should have the proper description
ok 453 - foreign_tables_are(schema, tables) missing should have the proper diagnostics
ok 454 - foreign_tables_are(tables) missing should fail
ok 455 - foreign_tables_are(tables) missing should have the proper description
ok 456 - foreign_tables_are(tables) missing should have the proper diagnostics
ok 457 - foreign_tables_are(schema, tables) extra should fail
ok 458 - foreign_tables_are(schema, tables) extra should have the proper description
ok 459 - foreign_tables_are(schema, tables) extra should have the proper diagnostics
ok 460 - foreign_tables_are(tables) extra should fail
ok 461 - foreign_tables_are(tables) extra should have the proper description
ok 462 - foreign_tables_are(tables) extra should have the proper diagnostics
ok 463 - foreign_tables_are(schema, tables) extra and missing should fail
ok 464 - foreign_tables_are(schema, tables) extra and missing should have the proper description
ok 465 - foreign_tables_are(schema, tables) extra and missing should have the proper diagnostics
ok 466 - foreign_tables_are(tables) extra and missing should fail
ok 467 - foreign_tables_are(tables) extra and missing should have the proper description
ok 468 - foreign_tables_are(tables) extra and missing should have the proper diagnostics
